Loading library...
Keys: [
  'AbortException',
  'FormatError',
  'InvalidPDFException',
  'Line',
  'LineDirection',
  'LineStore',
  'PDFParse',
  'PasswordException',
  'Point',
  'Rectangle',
  'ResponseException',
  'Shape',
  'Table',
  'UnknownErrorException',
  'VerbosityLevel',
  'getException'
]
Creating instance...
node : Error: TypeError: Cannot read properties of 
undefined (reading 'verbosity')
строка:1 знак:1
+ node test-parser-real.js > test-output.txt 2>&1
+ ~~~~~~~~~~~~~~~~~~~~~~~~~~~~~~~~~~~~~~~~~~~~~~~
    + CategoryInfo          : NotSpecified: (Error 
   : TypeErro...ng 'verbosity'):String) [], Remot  
  eException
    + FullyQualifiedErrorId : NativeCommandError
 
    at new exports.PDFParse (C:\Users\1\.gemini\ant
igravity\scratch\digital-audit-system\node_modules\
pdf-parse\dist\pdf-parse\cjs\index.cjs:1:470673)
    at testParser (C:\Users\1\.gemini\antigravity\s
cratch\digital-audit-system\test-parser-real.js:18:
26)
    at Object.<anonymous> (C:\Users\1\.gemini\antig
ravity\scratch\digital-audit-system\test-parser-rea
l.js:52:1)
    at Module._compile (node:internal/modules/cjs/l
oader:1761:14)
    at Object..js (node:internal/modules/cjs/loader
:1893:10)
    at Module.load (node:internal/modules/cjs/loade
r:1481:32)
    at Module._load (node:internal/modules/cjs/load
er:1300:12)
    at TracingChannel.traceSync (node:diagnostics_c
hannel:328:14)
    at wrapModuleLoad (node:internal/modules/cjs/lo
ader:245:24)
    at Module.executeUserEntryPoint [as runMain] (n
ode:internal/modules/run_main:154:5)
